mx gate rc=0
T16MOE_MX_GEMV GATE: 10 PASS / 0 FAIL
T16MOE_MX_GEMM GATE: 5 PASS / 0 FAIL
TIME N=5760 K=2880 R=8192 mx_gemm(mma)       2.2807 ms  (119 TOPS)
TIME N=5760 K=2880 R=8192 mx_gemm2(pipe128)  2.9661 ms  (92 TOPS)
TIME N=5760 K=2880 R=8192 int8 classic gmm   0.4629 ms  (587 TOPS)
TIME N=5760 K=2880 R=256 gemv2 R=256        1.7618 ms
TIME N=5760 K=2880 R=256 gemm16 R=256       0.2990 ms
TIME N=5760 K=2880 R=256 gemm16b64 R=256    0.3554 ms
TIME N=5760 K=2880 R=256 gemm16c128 R=256   0.4516 ms
TIME N=5760 K=2880 R=256 gemm16 4stage R=256 0.3111 ms
TIME N=5760 K=2880 R=256 gemm16 8stage R=256 0.3305 ms
TIME N=5760 K=2880 R=256 gemm128 R=256      1.2105 ms
TIME N=5760 K=2880 R=256 int8 gmm R=256     0.2001 ms
TIME N=5760 K=2880 R=4 gemv2 8lane R=4    0.0515 ms
TIME N=5760 K=2880 R=4 gemv2 32lane R=4   0.0930 ms
TIME N=5760 K=2880 R=4 gemm16 R=4         0.1517 ms
TIME N=5760 K=2880 R=8 mx_gemv R=8        0.0886 ms
TIME N=5760 K=2880 R=8 mx_gemv2 R=8       0.0996 ms
TIME N=5760 K=2880 R=8 gemv2 32lane R=8   0.2216 ms
TIME N=5760 K=2880 R=8 gemm16 R=8         0.1641 ms
TIME N=2880 K=2880 R=8192 mx_gemm(mma)       1.1408 ms  (119 TOPS)
TIME N=2880 K=2880 R=8192 mx_gemm2(pipe128)  1.4863 ms  (91 TOPS)
TIME N=2880 K=2880 R=8192 int8 classic gmm   0.2290 ms  (593 TOPS)
TIME N=2880 K=2880 R=256 gemv2 R=256        0.8842 ms
TIME N=2880 K=2880 R=256 gemm16 R=256       0.1766 ms
TIME N=2880 K=2880 R=256 gemm16b64 R=256    0.2204 ms
TIME N=2880 K=2880 R=256 gemm16c128 R=256   0.2608 ms
TIME N=2880 K=2880 R=256 gemm16 4stage R=256 0.1852 ms
TIME N=2880 K=2880 R=256 gemm16 8stage R=256 0.2073 ms
TIME N=2880 K=2880 R=256 gemm128 R=256      0.6419 ms
TIME N=2880 K=2880 R=256 int8 gmm R=256     0.1037 ms
TIME N=2880 K=2880 R=4 gemv2 8lane R=4    0.0322 ms
TIME N=2880 K=2880 R=4 gemv2 32lane R=4   0.0478 ms
TIME N=2880 K=2880 R=4 gemm16 R=4         0.1228 ms
TIME N=2880 K=2880 R=8 mx_gemv R=8        0.0559 ms
TIME N=2880 K=2880 R=8 mx_gemv2 R=8       0.0515 ms
TIME N=2880 K=2880 R=8 gemv2 32lane R=8   0.0910 ms
TIME N=2880 K=2880 R=8 gemm16 R=8         0.1478 ms
M2X11_DONE Thu Sep 10 10:46:23 UTC 2026
