mx gate rc=0
T16MOE_MX_GEMV GATE: 10 PASS / 0 FAIL
T16MOE_MX_GEMM GATE: 5 PASS / 0 FAIL
TIME N=5760 K=2880 R=8192 mx_gemm(mma)       2.8827 ms  (94 TOPS)
TIME N=5760 K=2880 R=8192 mx_gemm2(pipe128)  2.9420 ms  (92 TOPS)
TIME N=5760 K=2880 R=8192 int8 classic gmm   0.4630 ms  (587 TOPS)
TIME N=5760 K=2880 R=256 gemv2 R=256        1.8028 ms
TIME N=5760 K=2880 R=256 gemm16 R=256       0.3057 ms
TIME N=5760 K=2880 R=256 gemm16b64 R=256    0.3588 ms
TIME N=5760 K=2880 R=256 gemm16c128 R=256   0.4501 ms
TIME N=5760 K=2880 R=256 gemm16 4stage R=256 0.3053 ms
TIME N=5760 K=2880 R=256 gemm16 8stage R=256 0.3237 ms
TIME N=5760 K=2880 R=256 gemm128 R=256      1.1690 ms
TIME N=5760 K=2880 R=256 int8 gmm R=256     0.1988 ms
TIME N=5760 K=2880 R=4 gemv2 8lane R=4    0.0514 ms
TIME N=5760 K=2880 R=4 gemv2 32lane R=4   0.0925 ms
TIME N=5760 K=2880 R=4 gemm16 R=4         0.1464 ms
TIME N=5760 K=2880 R=8 mx_gemv R=8        0.0886 ms
TIME N=5760 K=2880 R=8 mx_gemv2 R=8       0.0994 ms
TIME N=5760 K=2880 R=8 gemv2 32lane R=8   0.2248 ms
TIME N=5760 K=2880 R=8 gemm16 R=8         0.1666 ms
TIME N=2880 K=2880 R=8192 mx_gemm(mma)       1.5023 ms  (90 TOPS)
TIME N=2880 K=2880 R=8192 mx_gemm2(pipe128)  1.4759 ms  (92 TOPS)
TIME N=2880 K=2880 R=8192 int8 classic gmm   0.2288 ms  (594 TOPS)
TIME N=2880 K=2880 R=256 gemv2 R=256        0.8892 ms
TIME N=2880 K=2880 R=256 gemm16 R=256       0.1770 ms
TIME N=2880 K=2880 R=256 gemm16b64 R=256    0.2162 ms
TIME N=2880 K=2880 R=256 gemm16c128 R=256   0.2537 ms
TIME N=2880 K=2880 R=256 gemm16 4stage R=256 0.1768 ms
TIME N=2880 K=2880 R=256 gemm16 8stage R=256 0.2003 ms
TIME N=2880 K=2880 R=256 gemm128 R=256      0.6033 ms
TIME N=2880 K=2880 R=256 int8 gmm R=256     0.1034 ms
TIME N=2880 K=2880 R=4 gemv2 8lane R=4    0.0321 ms
TIME N=2880 K=2880 R=4 gemv2 32lane R=4   0.0478 ms
TIME N=2880 K=2880 R=4 gemm16 R=4         0.1440 ms
TIME N=2880 K=2880 R=8 mx_gemv R=8        0.0561 ms
TIME N=2880 K=2880 R=8 mx_gemv2 R=8       0.0501 ms
TIME N=2880 K=2880 R=8 gemv2 32lane R=8   0.0906 ms
TIME N=2880 K=2880 R=8 gemm16 R=8         0.1456 ms
M2X12_DONE Thu Sep 10 11:00:12 UTC 2026
