mx gate rc=0
T16MOE_MX_GEMV GATE: 10 PASS / 0 FAIL
T16MOE_MX_GEMM GATE: 5 PASS / 0 FAIL
TIME N=5760 K=2880 R=8192 mx_gemm(mma)       2.3362 ms  (116 TOPS)
TIME N=5760 K=2880 R=8192 mx_gemm2(pipe128)  4.2797 ms  (64 TOPS)
TIME N=5760 K=2880 R=8192 int8 classic gmm   0.4623 ms  (588 TOPS)
TIME N=5760 K=2880 R=256 gemv2 R=256        1.9870 ms
TIME N=5760 K=2880 R=256 gemm16 R=256       0.3536 ms
TIME N=5760 K=2880 R=256 gemm16b64 R=256    0.3957 ms
TIME N=5760 K=2880 R=256 gemm16c128 R=256   0.4674 ms
TIME N=5760 K=2880 R=256 gemm16 4stage R=256 0.3554 ms
TIME N=5760 K=2880 R=256 gemm16 8stage R=256 0.3784 ms
TIME N=5760 K=2880 R=256 gemm128 R=256      1.7258 ms
TIME N=5760 K=2880 R=256 int8 gmm R=256     0.2001 ms
TIME N=5760 K=2880 R=4 gemv2 8lane R=4    0.0553 ms
TIME N=5760 K=2880 R=4 gemv2 32lane R=4   0.0975 ms
TIME N=5760 K=2880 R=4 gemm16 R=4         0.1779 ms
TIME N=5760 K=2880 R=8 mx_gemv R=8        0.0905 ms
TIME N=5760 K=2880 R=8 mx_gemv2 R=8       0.1034 ms
TIME N=5760 K=2880 R=8 gemv2 32lane R=8   0.2277 ms
TIME N=5760 K=2880 R=8 gemm16 R=8         0.1855 ms
TIME N=2880 K=2880 R=8192 mx_gemm(mma)       1.1772 ms  (115 TOPS)
TIME N=2880 K=2880 R=8192 mx_gemm2(pipe128)  2.1328 ms  (64 TOPS)
TIME N=2880 K=2880 R=8192 int8 classic gmm   0.2277 ms  (597 TOPS)
TIME N=2880 K=2880 R=256 gemv2 R=256        0.9952 ms
TIME N=2880 K=2880 R=256 gemm16 R=256       0.2105 ms
TIME N=2880 K=2880 R=256 gemm16b64 R=256    0.2423 ms
TIME N=2880 K=2880 R=256 gemm16c128 R=256   0.2724 ms
TIME N=2880 K=2880 R=256 gemm16 4stage R=256 0.2160 ms
TIME N=2880 K=2880 R=256 gemm16 8stage R=256 0.2383 ms
TIME N=2880 K=2880 R=256 gemm128 R=256      0.9416 ms
TIME N=2880 K=2880 R=256 int8 gmm R=256     0.1045 ms
TIME N=2880 K=2880 R=4 gemv2 8lane R=4    0.0342 ms
TIME N=2880 K=2880 R=4 gemv2 32lane R=4   0.0522 ms
TIME N=2880 K=2880 R=4 gemm16 R=4         0.1401 ms
TIME N=2880 K=2880 R=8 mx_gemv R=8        0.0586 ms
TIME N=2880 K=2880 R=8 mx_gemv2 R=8       0.0539 ms
TIME N=2880 K=2880 R=8 gemv2 32lane R=8   0.0982 ms
TIME N=2880 K=2880 R=8 gemm16 R=8         0.1685 ms
M2X10_DONE Thu Sep 10 10:42:03 UTC 2026
