mx gate rc=0
T16MOE_MX_GEMV GATE: 10 PASS / 0 FAIL
T16MOE_MX_GEMM GATE: 5 PASS / 0 FAIL
TIME N=5760 K=2880 R=256 gemv2 R=256        1.8134 ms
TIME N=5760 K=2880 R=256 gemm16 R=256       0.3057 ms
TIME N=5760 K=2880 R=256 gemm16b64 R=256    0.3589 ms
TIME N=5760 K=2880 R=256 gemm16c128 R=256   0.4504 ms
TIME N=5760 K=2880 R=256 gemm16 4stage R=256 0.3007 ms
TIME N=5760 K=2880 R=256 gemm16 8stage R=256 0.3213 ms
TIME N=5760 K=2880 R=256 gemm128 R=256      1.1671 ms
TIME N=5760 K=2880 R=256 int8 gmm R=256     0.2012 ms
ABL N=5760 K=2880 R=256 abl full         0.3006 ms
ABL N=5760 K=2880 R=256 abl no-unpack    0.2156 ms
ABL N=5760 K=2880 R=256 abl no-fp32step  0.2160 ms
ABL N=5760 K=2880 R=256 abl no-mma       0.2648 ms
ABL N=5760 K=2880 R=256 abl loads-only   0.1194 ms
TIME N=2880 K=2880 R=256 gemv2 R=256        0.8974 ms
TIME N=2880 K=2880 R=256 gemm16 R=256       0.1813 ms
TIME N=2880 K=2880 R=256 gemm16b64 R=256    0.2214 ms
TIME N=2880 K=2880 R=256 gemm16c128 R=256   0.2600 ms
TIME N=2880 K=2880 R=256 gemm16 4stage R=256 0.1813 ms
TIME N=2880 K=2880 R=256 gemm16 8stage R=256 0.2045 ms
TIME N=2880 K=2880 R=256 gemm128 R=256      0.6167 ms
TIME N=2880 K=2880 R=256 int8 gmm R=256     0.1042 ms
ABL N=2880 K=2880 R=256 abl full         0.1812 ms
ABL N=2880 K=2880 R=256 abl no-unpack    0.1239 ms
ABL N=2880 K=2880 R=256 abl no-fp32step  0.1687 ms
ABL N=2880 K=2880 R=256 abl no-mma       0.1761 ms
ABL N=2880 K=2880 R=256 abl loads-only   0.0936 ms
M2X13_DONE Thu Sep 10 11:02:38 UTC 2026
