mx gate rc=0
T16MOE_MX_GEMV GATE: 10 PASS / 0 FAIL
T16MOE_MX_GEMM GATE: 5 PASS / 0 FAIL
TIME N=5760 K=2880 R=256 gemv2 R=256        1.7577 ms
TIME N=5760 K=2880 R=256 gemm16 R=256       0.3000 ms
TIME N=5760 K=2880 R=256 gemm16b64 R=256    0.3587 ms
TIME N=5760 K=2880 R=256 gemm16c128 R=256   0.4504 ms
TIME N=5760 K=2880 R=256 gemm16 4stage R=256 0.3051 ms
TIME N=5760 K=2880 R=256 gemm16 8stage R=256 0.3261 ms
TIME N=5760 K=2880 R=256 gemm16 WARPSPEC R=256 0.2772 ms
TIME N=5760 K=2880 R=256 gemm128 R=256      1.1704 ms
TIME N=5760 K=2880 R=256 int8 gmm R=256     0.2007 ms
ABL N=5760 K=2880 R=256 abl full         0.2967 ms
ABL N=5760 K=2880 R=256 abl no-unpack    0.2129 ms
ABL N=5760 K=2880 R=256 abl no-fp32step  0.2153 ms
ABL N=5760 K=2880 R=256 abl no-mma       0.2657 ms
ABL N=5760 K=2880 R=256 abl loads-only   0.1199 ms
TIME N=2880 K=2880 R=256 gemv2 R=256        0.8850 ms
TIME N=2880 K=2880 R=256 gemm16 R=256       0.1757 ms
TIME N=2880 K=2880 R=256 gemm16b64 R=256    0.2147 ms
TIME N=2880 K=2880 R=256 gemm16c128 R=256   0.2519 ms
TIME N=2880 K=2880 R=256 gemm16 4stage R=256 0.1756 ms
TIME N=2880 K=2880 R=256 gemm16 8stage R=256 0.2047 ms
TIME N=2880 K=2880 R=256 gemm16 WARPSPEC R=256 0.1655 ms
TIME N=2880 K=2880 R=256 gemm128 R=256      0.6171 ms
TIME N=2880 K=2880 R=256 int8 gmm R=256     0.1043 ms
ABL N=2880 K=2880 R=256 abl full         0.1813 ms
ABL N=2880 K=2880 R=256 abl no-unpack    0.1236 ms
ABL N=2880 K=2880 R=256 abl no-fp32step  0.1684 ms
ABL N=2880 K=2880 R=256 abl no-mma       0.1763 ms
ABL N=2880 K=2880 R=256 abl loads-only   0.0939 ms
M2X14_DONE Thu Sep 10 11:15:46 UTC 2026
